MPLINK 5.09, LINKER
Linker Map File - Created Wed Jun 05 11:53:15 2019

                                 Section Info
                  Section       Type    Address   Location Size(Bytes)
                ---------  ---------  ---------  ---------  ---------
                   .org_0       code   0x000000    program   0x000020
                   .cinit    romdata   0x000020    program   0x000002
.config_300001_BUILD/DEFAULT/PRODUCTION/TESTING    romdata   0x300001    program   0x000001
.config_300003_BUILD/DEFAULT/PRODUCTION/TESTING    romdata   0x300003    program   0x000001
.config_300005_BUILD/DEFAULT/PRODUCTION/TESTING    romdata   0x300005    program   0x000001
.config_300006_BUILD/DEFAULT/PRODUCTION/TESTING    romdata   0x300006    program   0x000001



                              Program Memory Usage 
                               Start         End      
                           ---------   ---------      
                            0x000000    0x000021      
                            0x300001    0x300001      
                            0x300003    0x300003      
                            0x300005    0x300006      
            38 out of 33048 program addresses used, program memory utilization is 0%



                              Symbols - Sorted by Name
                     Name    Address   Location    Storage File                     
                ---------  ---------  ---------  --------- ---------                
                    AGAIN   0x000018    program     static C:\Users\JORGE VILLAREAL\Documents\GitHub\Timer0\Timer.X\TestingTimer.asm
                     HERE   0x000006    program     static C:\Users\JORGE VILLAREAL\Documents\GitHub\Timer0\Timer.X\TestingTimer.asm
                    Start   0x000000    program     static C:\Users\JORGE VILLAREAL\Documents\GitHub\Timer0\Timer.X\TestingTimer.asm



                              Symbols - Sorted by Address
                     Name    Address   Location    Storage File                     
                ---------  ---------  ---------  --------- ---------                
                    Start   0x000000    program     static C:\Users\JORGE VILLAREAL\Documents\GitHub\Timer0\Timer.X\TestingTimer.asm
                     HERE   0x000006    program     static C:\Users\JORGE VILLAREAL\Documents\GitHub\Timer0\Timer.X\TestingTimer.asm
                    AGAIN   0x000018    program     static C:\Users\JORGE VILLAREAL\Documents\GitHub\Timer0\Timer.X\TestingTimer.asm


